2025-09-18 02:50:52.385849 - User: AnonymousUser - Path: /api/docs/
2025-09-18 02:50:52.691693 - User: AnonymousUser - Path: /api/docs/
2025-09-18 02:54:06.045442 - User: AnonymousUser - Path: /api/token/
2025-09-18 02:55:13.974012 - User: denis.kiprotich2019@students.jkuat.ac.ke - Path: /api/companies/6/reviews/
2025-09-18 02:56:31.807745 - User: AnonymousUser - Path: /api/companies/
2025-09-18 02:56:48.494356 - User: denis.kiprotich2019@students.jkuat.ac.ke - Path: /api/companies/2/reviews/
2025-09-18 02:56:58.577046 - User: denis.kiprotich2019@students.jkuat.ac.ke - Path: /api/companies/1/reviews/
2025-09-18 03:00:49.037327 - User: denis.kiprotich2019@students.jkuat.ac.ke - Path: /api/companies/6/reviews/
2025-09-18 03:00:51.927679 - User: denis.kiprotich2019@students.jkuat.ac.ke - Path: /api/companies/6/reviews/
2025-09-18 03:05:40.141461 - User: denis.kiprotich2019@students.jkuat.ac.ke - Path: /api/companies/6/reviews/
2025-09-18 03:05:54.671796 - User: denis.kiprotich2019@students.jkuat.ac.ke - Path: /api/companies/1/reviews/
2025-09-18 03:06:32.451258 - User: AnonymousUser - Path: /api/companies/
2025-09-18 03:07:09.742449 - User: AnonymousUser - Path: /api/companies/reviews/
2025-09-18 03:07:21.164736 - User: AnonymousUser - Path: /api/companies/1/reviews/
2025-09-18 03:11:47.064011 - User: AnonymousUser - Path: /api/companies/1/notifications/
2025-09-18 03:11:49.166232 - User: AnonymousUser - Path: /api/companies/1/notifications/
2025-09-18 03:11:49.991718 - User: AnonymousUser - Path: /api/companies/1/notifications/
2025-09-18 03:11:50.694054 - User: AnonymousUser - Path: /api/companies/1/notifications/
2025-09-18 03:12:24.625603 - User: AnonymousUser - Path: /api/token/
2025-09-18 03:13:02.142152 - User: denis.k.too@gmail.com - Path: /api/companies/1/notifications/
2025-09-18 03:13:04.001247 - User: denis.k.too@gmail.com - Path: /api/companies/1/notifications/
2025-09-18 03:13:04.946247 - User: denis.k.too@gmail.com - Path: /api/companies/1/notifications/
2025-09-18 03:13:05.772274 - User: denis.k.too@gmail.com - Path: /api/companies/1/notifications/
2025-09-18 03:13:06.409397 - User: denis.k.too@gmail.com - Path: /api/companies/1/notifications/
2025-09-18 03:13:07.044500 - User: denis.k.too@gmail.com - Path: /api/companies/1/notifications/
2025-09-18 03:13:40.761402 - User: denis.k.too@gmail.com - Path: /api/companies/1/notifications/1/
2025-09-18 03:13:43.000108 - User: denis.k.too@gmail.com - Path: /api/companies/1/notifications/1/
2025-09-18 03:25:30.078720 - User: AnonymousUser - Path: /api/token/
2025-09-18 03:25:53.851297 - User: denis.kiprotich2019@students.jkuat.ac.ke - Path: /api/companies/2/reviews/
2025-09-18 03:29:24.146126 - User: denis.kiprotich2019@students.jkuat.ac.ke - Path: /api/companies/2/reviews/
2025-09-18 03:29:52.558736 - User: denis.kiprotich2019@students.jkuat.ac.ke - Path: /api/companies/2/reviews/
2025-09-18 03:47:14.053649 - User: denis.kiprotich2019@students.jkuat.ac.ke - Path: /api/companies/2/reviews/
2025-09-18 03:50:43.519853 - User: denis.kiprotich2019@students.jkuat.ac.ke - Path: /api/companies/2/reviews/
2025-09-18 03:54:17.751547 - User: denis.kiprotich2019@students.jkuat.ac.ke - Path: /api/companies/2/reviews/
2025-09-18 03:55:59.569575 - User: denis.k.too@gmail.com - Path: /api/companies/2/notifications/1/
2025-09-18 03:56:01.551905 - User: denis.k.too@gmail.com - Path: /api/companies/2/notifications/1/
2025-09-18 03:57:58.170276 - User: AnonymousUser - Path: /api/companies/1/reviews/2/
2025-09-18 21:22:14.348556 - User: AnonymousUser - Path: /api/docs/
2025-09-18 21:22:14.537443 - User: AnonymousUser - Path: /api/docs/
2025-09-18 21:22:52.188714 - User: AnonymousUser - Path: /api/docs/
2025-09-18 21:22:52.252114 - User: AnonymousUser - Path: /api/docs/
2025-09-18 21:22:54.113956 - User: AnonymousUser - Path: /api/docs/
2025-09-18 21:22:54.160353 - User: AnonymousUser - Path: /api/docs/
2025-09-18 21:22:55.383176 - User: AnonymousUser - Path: /api/docs/
2025-09-18 21:22:55.437451 - User: AnonymousUser - Path: /api/docs/
2025-09-18 21:22:56.387501 - User: AnonymousUser - Path: /api/docs/
2025-09-18 21:22:56.433164 - User: AnonymousUser - Path: /api/docs/
2025-09-18 21:29:26.600000 - User: AnonymousUser - Path: /api/token/
2025-09-18 21:29:49.077503 - User: denis.kiprotich2019@students.jkuat.ac.ke - Path: /api/users/39ea17c3-d57e-498d-b2b7-721c9c23d622/applications/
2025-09-18 21:30:52.405175 - User: denis.kiprotich2019@students.jkuat.ac.ke - Path: /api/jobs/1/applications/
2025-09-18 21:44:44.339563 - User: AnonymousUser - Path: /api/docs/
2025-09-18 21:44:44.530152 - User: AnonymousUser - Path: /api/docs/
2025-09-18 21:44:45.349072 - User: AnonymousUser - Path: /api/docs/
2025-09-18 21:44:45.425693 - User: AnonymousUser - Path: /api/docs/
2025-09-19 00:39:19.798606 - User: AnonymousUser - Path: /api/docs/
2025-09-19 00:39:19.991530 - User: AnonymousUser - Path: /api/docs/
2025-09-19 00:39:22.937414 - User: AnonymousUser - Path: /api/docs/
2025-09-19 00:39:22.987576 - User: AnonymousUser - Path: /api/docs/
2025-09-19 00:39:24.771538 - User: AnonymousUser - Path: /api/docs/
2025-09-19 00:39:24.816636 - User: AnonymousUser - Path: /api/docs/
2025-09-19 00:39:33.399134 - User: AnonymousUser - Path: /api/docs/
2025-09-19 00:39:33.443074 - User: AnonymousUser - Path: /api/docs/
2025-09-19 00:39:34.085450 - User: AnonymousUser - Path: /api/docs/
2025-09-19 00:39:34.131218 - User: AnonymousUser - Path: /api/docs/
2025-09-19 00:39:34.454326 - User: AnonymousUser - Path: /api/docs/
2025-09-19 00:39:34.500505 - User: AnonymousUser - Path: /api/docs/
2025-09-19 00:39:34.620669 - User: AnonymousUser - Path: /api/docs/
2025-09-19 00:39:34.685693 - User: AnonymousUser - Path: /api/docs/
2025-09-19 00:39:53.324954 - User: AnonymousUser - Path: /api/companies/
2025-09-19 01:09:48.916781 - User: AnonymousUser - Path: /api/companies/
2025-09-19 01:10:54.003861 - User: AnonymousUser - Path: /api/docs/
2025-09-19 01:10:54.122312 - User: AnonymousUser - Path: /api/docs/
2025-09-19 01:12:21.335666 - User: AnonymousUser - Path: /api/token/
2025-09-19 01:14:51.039190 - User: AnonymousUser - Path: /api/companies/
2025-09-19 01:15:15.325744 - User: AnonymousUser - Path: /api/companies/1/reviews/
2025-09-19 01:15:48.869846 - User: AnonymousUser - Path: /api/companies/2/reviews/
2025-09-19 01:16:29.930534 - User: AnonymousUser - Path: /api/companies/
2025-09-19 01:16:47.417847 - User: AnonymousUser - Path: /api/token/
2025-09-19 01:17:17.961165 - User: denis.k.too@gmail.com - Path: /api/companies/2/reviews/
2025-09-19 01:17:29.992859 - User: denis.k.too@gmail.com - Path: /api/companies/2/reviews/
2025-09-19 01:22:46.809405 - User: denis.k.too@gmail.com - Path: /api/companies/2/notifications/1/
2025-09-19 01:22:48.476999 - User: denis.k.too@gmail.com - Path: /api/companies/2/notifications/1/
2025-09-19 01:22:56.633462 - User: denis.k.too@gmail.com - Path: /api/companies/1/notifications/1/
2025-09-19 01:22:58.272486 - User: denis.k.too@gmail.com - Path: /api/companies/1/notifications/1/
2025-09-19 01:22:59.122560 - User: denis.k.too@gmail.com - Path: /api/companies/1/notifications/1/
2025-09-19 01:23:03.090634 - User: denis.k.too@gmail.com - Path: /api/companies/1/notifications/1/
2025-09-19 01:26:28.626456 - User: denis.k.too@gmail.com - Path: /api/companies/1/notifications
2025-09-19 01:26:28.695447 - User: denis.k.too@gmail.com - Path: /api/companies/1/notifications/
2025-09-19 01:26:29.887043 - User: denis.k.too@gmail.com - Path: /api/companies/1/notifications
2025-09-19 01:26:29.926706 - User: denis.k.too@gmail.com - Path: /api/companies/1/notifications/
2025-09-19 01:26:30.774377 - User: denis.k.too@gmail.com - Path: /api/companies/1/notifications
2025-09-19 01:26:30.802648 - User: denis.k.too@gmail.com - Path: /api/companies/1/notifications/
2025-09-19 01:26:35.884782 - User: denis.k.too@gmail.com - Path: /api/companies/2/notifications
2025-09-19 01:26:35.906703 - User: denis.k.too@gmail.com - Path: /api/companies/2/notifications/
2025-09-19 01:26:37.118349 - User: denis.k.too@gmail.com - Path: /api/companies/2/notifications
2025-09-19 01:26:37.159913 - User: denis.k.too@gmail.com - Path: /api/companies/2/notifications/
2025-09-19 01:26:37.859593 - User: denis.k.too@gmail.com - Path: /api/companies/2/notifications
2025-09-19 01:26:37.883252 - User: denis.k.too@gmail.com - Path: /api/companies/2/notifications/
2025-09-19 01:26:38.506379 - User: denis.k.too@gmail.com - Path: /api/companies/2/notifications
2025-09-19 01:26:38.560154 - User: denis.k.too@gmail.com - Path: /api/companies/2/notifications/
2025-09-19 01:26:39.180162 - User: denis.k.too@gmail.com - Path: /api/companies/2/notifications
2025-09-19 01:26:39.216663 - User: denis.k.too@gmail.com - Path: /api/companies/2/notifications/
2025-09-19 01:26:52.788402 - User: AnonymousUser - Path: /api/token/
2025-09-19 01:27:09.757629 - User: kibet.evans95@gmail.com - Path: /api/companies/2/notifications/
2025-09-19 01:27:10.779128 - User: kibet.evans95@gmail.com - Path: /api/companies/2/notifications/
2025-09-19 01:27:11.596895 - User: kibet.evans95@gmail.com - Path: /api/companies/2/notifications/
2025-09-19 01:27:12.305745 - User: kibet.evans95@gmail.com - Path: /api/companies/2/notifications/
2025-09-19 01:31:05.555448 - User: kibet.evans95@gmail.com - Path: /api/companies/2/notifications/
2025-09-19 01:31:06.610608 - User: kibet.evans95@gmail.com - Path: /api/companies/2/notifications/
2025-09-19 01:31:07.497100 - User: kibet.evans95@gmail.com - Path: /api/companies/2/notifications/
2025-09-19 01:31:08.073725 - User: kibet.evans95@gmail.com - Path: /api/companies/2/notifications/
2025-09-19 01:31:10.124027 - User: kibet.evans95@gmail.com - Path: /api/companies/2/notifications/
2025-09-19 01:31:20.155410 - User: kibet.evans95@gmail.com - Path: /api/companies/1/notifications/
2025-09-19 01:31:21.490003 - User: kibet.evans95@gmail.com - Path: /api/companies/1/notifications/
2025-09-19 01:33:15.969186 - User: kibet.evans95@gmail.com - Path: /api/companies/1/notifications/
2025-09-19 01:33:17.733625 - User: kibet.evans95@gmail.com - Path: /api/companies/1/notifications/
2025-09-19 01:33:24.746870 - User: kibet.evans95@gmail.com - Path: /api/companies/2/notifications/
2025-09-19 01:33:25.881886 - User: kibet.evans95@gmail.com - Path: /api/companies/2/notifications/
2025-09-19 01:33:29.229833 - User: kibet.evans95@gmail.com - Path: /api/companies/2/notifications/
2025-09-19 01:33:43.789533 - User: kibet.evans95@gmail.com - Path: /api/companies/2/notifications/
2025-09-19 01:33:44.597532 - User: kibet.evans95@gmail.com - Path: /api/companies/2/notifications/
2025-09-19 01:34:32.469029 - User: kibet.evans95@gmail.com - Path: /api/companies/2/notifications/
2025-09-19 01:34:37.563364 - User: kibet.evans95@gmail.com - Path: /api/companies/2/notifications/
2025-09-19 01:35:19.317291 - User: kibet.evans95@gmail.com - Path: /api/companies/2/notifications/
2025-09-19 01:35:20.296451 - User: kibet.evans95@gmail.com - Path: /api/companies/2/notifications/
2025-09-19 01:35:27.017307 - User: AnonymousUser - Path: /api/token/
2025-09-19 01:35:39.911574 - User: denis.k.too@gmail.com - Path: /api/companies/2/notifications/
2025-09-19 01:35:41.594833 - User: denis.k.too@gmail.com - Path: /api/companies/2/notifications/
2025-09-19 01:35:42.528141 - User: denis.k.too@gmail.com - Path: /api/companies/2/notifications/
2025-09-19 01:35:43.512123 - User: denis.k.too@gmail.com - Path: /api/companies/2/notifications/
2025-09-19 01:35:44.462983 - User: denis.k.too@gmail.com - Path: /api/companies/2/notifications/
2025-09-19 01:35:45.096842 - User: denis.k.too@gmail.com - Path: /api/companies/2/notifications/
2025-09-19 01:35:45.880068 - User: denis.k.too@gmail.com - Path: /api/companies/2/notifications/
2025-09-19 01:35:46.497673 - User: denis.k.too@gmail.com - Path: /api/companies/2/notifications/
2025-09-19 01:35:47.192421 - User: denis.k.too@gmail.com - Path: /api/companies/2/notifications/
2025-09-19 01:35:47.947081 - User: denis.k.too@gmail.com - Path: /api/companies/2/notifications/
2025-09-19 01:35:54.566962 - User: denis.k.too@gmail.com - Path: /api/companies/1/notifications/
2025-09-19 01:35:55.646475 - User: denis.k.too@gmail.com - Path: /api/companies/1/notifications/
2025-09-19 01:35:56.076053 - User: denis.k.too@gmail.com - Path: /api/companies/1/notifications/
2025-09-19 01:37:47.054539 - User: denis.k.too@gmail.com - Path: /api/companies/1/notifications/
2025-09-19 13:47:37.738555 - User: AnonymousUser - Path: /api/register/
2025-09-19 13:49:26.388659 - User: AnonymousUser - Path: /api/register/
2025-09-19 13:50:20.849101 - User: AnonymousUser - Path: /api/register/
2025-09-19 13:56:14.929198 - User: AnonymousUser - Path: /api/register/
2025-09-19 13:57:05.443040 - User: AnonymousUser - Path: /api/register/
2025-09-19 14:01:24.778186 - User: AnonymousUser - Path: /api/token/
2025-09-19 14:01:57.379008 - User: denis.kiprotich2019@students.jkuat.ac.ke - Path: /api/categories/
2025-09-19 14:02:16.151328 - User: AnonymousUser - Path: /api/token/
2025-09-19 14:04:54.756505 - User: denis.kiprotich2019@students.jkuat.ac.ke - Path: /api/categories/
2025-09-19 14:05:04.449641 - User: AnonymousUser - Path: /api/token/
2025-09-19 14:05:22.465073 - User: kiprotichdenis95@gmail.com - Path: /api/categories/
2025-09-19 14:05:42.492267 - User: kiprotichdenis95@gmail.com - Path: /api/categories/
2025-09-19 14:05:53.675706 - User: kiprotichdenis95@gmail.com - Path: /api/categories/
2025-09-19 14:06:38.593169 - User: AnonymousUser - Path: /api/token/
